
==================== uuyc-vdshim attached ====================
  exe=Z:\home\daoxiang\ds-workplace\uuyc-archlinux\uuyc-wine\support\vdshim\testshim.exe
[shim] real d3d11 backend: 00006FFFF9FD0000 (err 0)
==== D3D11CreateDevice driver_type=1 flags=0 levels=2 sdk=7 ====
[shim] real D3D11CreateDevice -> 0x887a0004 DXGI_ERROR_UNSUPPORTED device=0000000000000000
==================== uuyc-vdshim detached ====================

==================== uuyc-vdshim attached ====================
  exe=Z:\home\daoxiang\ds-workplace\uuyc-archlinux\uuyc-wine\support\vdshim\testshim.exe
[shim] real d3d11 backend: 00006FFFF5480000 (err 0)
==== D3D11CreateDevice driver_type=1 flags=0 levels=2 sdk=7 ====
[shim] real D3D11CreateDevice -> 0 S_OK device=00007FFFFEBF0E70
[shim] device #1 hooked in place (this=00007FFFFEBF0E70, wine vtable=00006FFFF54C5C00, patched=00007FFFFEC43EE0)
[shim] returning device 00007FFFFEBF0E70
[shim] dev1 QueryInterface(ID3D11VideoDevice) -> wrapped 00007FFFFEC2D280 (real 00007FFFFEBF0E90)
[video] dev1 GetVideoDecoderProfileCount: wine=0 -> 2 (synthetic)
[video] GetVideoDecoderProfile(0) -> H264_VLD_NOFGT (synthetic)
[video] dev1 CheckVideoDecoderFormat profile=H264_VLD_NOFGT fmt=NV12(87) -> wine_impl=0 shim=TRUE
[fmt] CheckFormatSupport(NV12=87): wine=0/S_OK flags=0x2e4f3f3 -> shim flags=0x18000220
[fmt] CheckFormatSupport(Y216=104): wine=0x80004005/E_FAIL flags=0 -> shim flags=0x18000220
[video] dev1 CheckVideoDecoderFormat profile=H264_VLD_NOFGT fmt=Y210(103) [translated] -> wine_impl=0 shim=TRUE
        translation: NV12 (legacy 103 -> wine 87)
[video] dev1 GetVideoDecoderConfigCount profile=H264_VLD_NOFGT fmt=Y210 1920x1080: wine=0x80004001(0) -> shim=1
[video] dev1 GetVideoDecoderConfig index=0 profile=H264_VLD_NOFGT fmt=Y210 -> wine=0x80004001, shim publishes Raw=1 MBraster=0 ResidHost=0 SpatialResid8=0 Resid8Sub=0 Clip=0 Interleaved=0 IntraUnsigned=0 ResidAccel=0 InvScan=0 SpecIDCT=0 Group4=0 RtBuffers=1 DecSpecific=0
==================== uuyc-vdshim detached ====================
